// Jest Snapshot v1, https://goo.gl/fbAQLP

exports[`BaseFooter Render correctly 1`] = `
<footer
  class="pt-4 mb-4 font-mono text-sm text-gray-500 border-t border-gray-500"
>
  <p>
    Made in Berlin
  </p>
   
  <p>
    Powered by 
    <a
      href="//nuxtjs.org"
    >
      Nuxt.js
    </a>
  </p>
   
  <p>
    
    On 
    <a
      class="link"
      href="//github.com/danrocha/danroc-nuxt"
    >
      GitHub
    </a>
  </p>
</footer>
`;
